[backblue.gif]
[fade.gif]
[index.html]
[findmatthew.com/fonts/mdi/css/materialdesignicons.min.css]
[findmatthew.com/style/style.css]
[findmatthew.com/favicon.ico]
[cdnjs.cloudflare.com/ajax/libs/prefixfree/1.0.7/prefixfree.min.js]
[ajax.googleapis.com/ajax/libs/jquery/2.2.0/jquery.min.js]
[cdnjs.cloudflare.com/ajax/libs/mixitup/2.1.11/jquery.mixitup.min.js]
[cdnjs.cloudflare.com/ajax/libs/waypoints/4.0.0/jquery.waypoints.min.js]
[findmatthew.com/scripts/pt.min.js]
[findmatthew.com/scripts/index.js]
[findmatthew.com/img/me.png]
[findmatthew.com/scripts/modal.js]
[findmatthew.com/img/filler.b.delayed]
[findmatthew.com/img/thumb-1.jpg]
[findmatthew.com/img/thumb-2.jpg]
[findmatthew.com/img/thumb-3.jpg]
[findmatthew.com/img/thumb-4.jpg]
[findmatthew.com/img/thumb-5.jpg]
[findmatthew.com/img/thumb-6.jpg]
[findmatthew.com/img/blog-1.jpg]
[findmatthew.com/img/blog-2.jpg]
[findmatthew.com/img/blog-3.jpg]
[findmatthew.com/img/blog-4.jpg]
[findmatthew.com/img/slides/discover-0.jpg]
[findmatthew.com/img/slides/discover-1.jpg]
[findmatthew.com/img/slides/discover-2.jpg]
[findmatthew.com/img/slides/ordering-0.jpg]
[findmatthew.com/img/slides/ordering-1.jpg]
[findmatthew.com/img/slides/ordering-2.jpg]
[findmatthew.com/img/slides/newrelic-0.jpg]
[findmatthew.com/img/slides/newrelic-1.jpg]
[findmatthew.com/img/slides/newrelic-2.jpg]
[findmatthew.com/img/slides/mystand-0.jpg]
[findmatthew.com/img/slides/mystand-1.jpg]
[findmatthew.com/img/slides/mystand-2.jpg]
[findmatthew.com/img/slides/never-0.jpg]
[findmatthew.com/img/slides/never-1.jpg]
[findmatthew.com/img/slides/never-2.jpg]
[findmatthew.com/img/slides/powur-0.jpg]
[findmatthew.com/img/slides/powur-1.jpg]
[findmatthew.com/img/slides/powur-2.jpg]
[findmatthew.com/img/slides/roambi-0.jpg]
[findmatthew.com/img/slides/roambi-1.jpg]
[findmatthew.com/img/slides/roambi-2.jpg]
[findmatthew.com/img/slides/themall-0.jpg]
[findmatthew.com/img/slides/themall-1.jpg]
[findmatthew.com/img/slides/themall-2.jpg]
[findmatthew.com/img/slides/walker-0.jpg]
[findmatthew.com/img/slides/walker-1.jpg]
[findmatthew.com/img/slides/walker-2.jpg]
[findmatthew.com/scripts/canvas.js]
[findmatthew.com/index.html]
[findmatthew.com/fonts/mdi/fonts/materialdesignicons-webfontd41d.eot]
[findmatthew.com/fonts/mdi/fonts/materialdesignicons-webfont0c8b.woff2]
[findmatthew.com/fonts/mdi/fonts/materialdesignicons-webfont0c8b.woff]
[findmatthew.com/fonts/mdi/fonts/materialdesignicons-webfont0c8b.svg]
[findmatthew.com/fonts/mdi/css/materialdesignicons.min.css]
[findmatthew.com/fonts/mdi/fonts/materialdesignicons-webfont0c8b.ttf]
[findmatthew.com/fonts/Raleway-Regular.ttf]
[findmatthew.com/fonts/Raleway-SemiBold.ttf]
[findmatthew.com/img/filler.png]
[findmatthew.com/fonts/Raleway-Bold.ttf]
[findmatthew.com/img/thumb-7.jpg]
[findmatthew.com/img/thumb-8.jpg]
[findmatthew.com/img/thumb-9.jpg]
[findmatthew.com/img/thumb-10.3f.delayed]
[findmatthew.com/img/thumb-11.40.delayed]
[findmatthew.com/img/thumb-12.41.delayed]
[findmatthew.com/style/style.css]
[findmatthew.com/img/filler.html]
[findmatthew.com/fonts/mdi/fonts/materialdesignicons-webfont0c8b.svg]
[findmatthew.com/fonts/mdi/fonts/materialdesignicons-webfont0c8b.eot]
[findmatthew.com/img/thumb-10.html]
[findmatthew.com/img/thumb-11.html]
[findmatthew.com/img/thumb-12.html]
[findmatthew.com/img/filler.png]
